// Jest Snapshot v1, https://goo.gl/fbAQLP

exports[`renders App component 1`] = `
<div>
  <div
    class="App"
  >
    <div
      class="container"
    >
      <div
        class="header rounded-bottom"
      >
        <h3
          class="title"
          style="color: rgb(117, 117, 117);"
        >
          Create Experiment Module
        </h3>
      </div>
    </div>
  </div>
</div>
`;
